\BOOKMARK [1][-]{section.1}{\376\377\000R\000e\000f\000e\000r\000e\000n\000c\000e\000\040\000c\000a\000r\000d}{}% 1
\BOOKMARK [1][-]{section.2}{\376\377\000F\000r\000o\000m\000\040\000t\000h\000e\000\040\000w\000e\000a\000k\000\040\000f\000o\000r\000m\000\040\000t\000o\000\040\000m\000a\000t\000r\000i\000x\000\040\000b\000l\000o\000c\000k\000s}{}% 2
\BOOKMARK [2][-]{subsection.2.1}{\376\377\000T\000e\000l\000e\000s\000c\000o\000p\000i\000n\000g\000:\000\040\000o\000n\000l\000y\000\040\000t\000w\000o\000\040\000b\000l\000o\000c\000k\000s\000\040\000c\000a\000n\000\040\000b\000r\000e\000a\000k\000\040\000c\000o\000n\000s\000e\000r\000v\000a\000t\000i\000o\000n}{section.2}% 3
\BOOKMARK [1][-]{section.3}{\376\377\000W\000h\000a\000t\000\040\000e\000a\000c\000h\000\040\000b\000o\000u\000n\000d\000a\000r\000y\000\137\000t\000y\000p\000e\000\040\000d\000o\000e\000s\000\040\000a\000t\000\040\000a\000s\000s\000e\000m\000b\000l\000y}{}% 4
\BOOKMARK [2][-]{subsection.3.1}{\376\377\000g\000r\000a\000d\000:\000\040\000t\000h\000e\000\040\000f\000l\000a\000g\000\040\000i\000s\000\040\000f\000l\000i\000p\000p\000e\000d\000,\000\040\000b\000u\000t\000\040\000y\000o\000u\000\040\000g\000e\000t\000\040\000t\000h\000e\000\040\000w\000a\000l\000l\000\040\000y\000o\000u\000\040\000n\000a\000m\000e\000d}{section.3}% 5
\BOOKMARK [2][-]{subsection.3.2}{\376\377\000p\000e\000n\000a\000l\000t\000y\000:\000\040\000b\000o\000t\000h\000s\000i\000d\000e\000s\000\040\000a\000d\000d\000s\000\040\000i\000n\000s\000t\000e\000a\000d\000\040\000o\000f\000\040\000d\000e\000l\000e\000t\000e\000s}{section.3}% 6
\BOOKMARK [2][-]{subsection.3.3}{\376\377\000I\000n\000h\000o\000m\000o\000g\000e\000n\000e\000o\000u\000s\000\040\000w\000a\000l\000l\000\040\000d\000a\000t\000a\000\040\000i\000s\000\040\000a\000\040\000s\000o\000u\000r\000c\000e\000\040\000v\000e\000c\000t\000o\000r}{section.3}% 7
\BOOKMARK [1][-]{section.4}{\376\377\000C\000h\000a\000i\000n\000s\000:\000\040\000t\000h\000e\000\040\000m\000a\000t\000r\000i\000x\000\040\000p\000r\000o\000d\000u\000c\000t\000\040\000a\000n\000d\000\040\000t\000h\000e\000\040\000p\000e\000r\000-\000w\000a\000l\000l\000\040\000r\000u\000l\000e}{}% 8
\BOOKMARK [2][-]{subsection.4.1}{\376\377\000T\000w\000o\000\040\000w\000a\000l\000l\000\040\000t\000r\000a\000c\000e\000s\000,\000\040\000n\000o\000t\000\040\000o\000n\000e}{section.4}% 9
\BOOKMARK [2][-]{subsection.4.2}{\376\377\000T\000h\000e\000\040\000p\000r\000o\000d\000u\000c\000t\000,\000\040\000a\000n\000d\000\040\000w\000h\000a\000t\000\040\000a\000\040\000c\000h\000a\000i\000n\000\040\000r\000e\000a\000l\000i\000s\000e\000s}{section.4}% 10
\BOOKMARK [2][-]{subsection.4.3}{\376\377\000T\000h\000e\000\040\000r\000u\000l\000e\000,\000\040\000s\000t\000a\000t\000e\000d\000\040\000p\000e\000r\000\040\000w\000a\000l\000l}{section.4}% 11
\BOOKMARK [1][-]{section.5}{\376\377\000T\000h\000e\000\040\000s\000u\000m\000\040\000r\000u\000l\000e\000\040\000a\000c\000r\000o\000s\000s\000\040\000i\000n\000d\000e\000p\000e\000n\000d\000e\000n\000t\000\040\000t\000e\000r\000m\000s}{}% 12
\BOOKMARK [1][-]{section.6}{\376\377\000R\000o\000b\000i\000n\000\040\000c\000o\000n\000d\000i\000t\000i\000o\000n\000s}{}% 13
\BOOKMARK [1][-]{section.7}{\376\377\000M\000a\000s\000s\000,\000\040\000J\000a\000c\000o\000b\000i\000a\000n\000s\000,\000\040\000a\000n\000d\000\040\000m\000u\000l\000t\000i\000p\000l\000e\000\040\000d\000i\000m\000e\000n\000s\000i\000o\000n\000s}{}% 14
\BOOKMARK [2][-]{subsection.7.1}{\376\377\000t\000e\000r\000m\000\137\000m\000d}{section.7}% 15
\BOOKMARK [1][-]{section.8}{\376\377\000D\000e\000s\000i\000g\000n\000\040\000r\000e\000c\000i\000p\000e}{}% 16
\BOOKMARK [2][-]{subsection.8.1}{\376\377\000W\000o\000r\000k\000e\000d\000\040\000e\000x\000a\000m\000p\000l\000e\000,\000\040\000e\000n\000d\000\040\000t\000o\000\040\000e\000n\000d}{section.8}% 17
\BOOKMARK [2][-]{subsection.8.2}{\376\377\000W\000o\000r\000k\000e\000d\000\040\000c\000a\000s\000e\000s}{section.8}% 18
\BOOKMARK [2][-]{subsection.8.3}{\376\377\000T\000h\000e\000\040\000a\000u\000d\000i\000t}{section.8}% 19
\BOOKMARK [1][-]{section.9}{\376\377\000P\000i\000t\000f\000a\000l\000l\000s}{}% 20
\BOOKMARK [1][-]{section.10}{\376\377\000V\000e\000r\000i\000f\000i\000c\000a\000t\000i\000o\000n}{}% 21
